components/dashboard/AuraDashboard.tsx(1,8): error TS1259: Module '"D:/Users/Josu\u00E9/Desktop/Aliseus/node_modules/@types/react/index"' can only be default-imported using the 'esModuleInterop' flag
components/dashboard/AuraDashboard.tsx(15,24): error TS6142: Module '../ui/Button' was resolved to 'D:/Users/Josu├®/Desktop/Aliseus/components/ui/Button.tsx', but '--jsx' is not set.
components/dashboard/AuraDashboard.tsx(18,85): error TS6142: Module './WidgetRegistry' was resolved to 'D:/Users/Josu├®/Desktop/Aliseus/components/dashboard/WidgetRegistry.tsx', but '--jsx' is not set.
components/dashboard/AuraDashboard.tsx(20,23): error TS6142: Module './BentoTile' was resolved to 'D:/Users/Josu├®/Desktop/Aliseus/components/dashboard/BentoTile.tsx', but '--jsx' is not set.
components/dashboard/AuraDashboard.tsx(21,27): error TS6142: Module './WidgetGallery' was resolved to 'D:/Users/Josu├®/Desktop/Aliseus/components/dashboard/WidgetGallery.tsx', but '--jsx' is not set.
components/dashboard/AuraDashboard.tsx(22,29): error TS6142: Module './EditModeToolbar' was resolved to 'D:/Users/Josu├®/Desktop/Aliseus/components/dashboard/EditModeToolbar.tsx', but '--jsx' is not set.
components/dashboard/AuraDashboard.tsx(254,9): error TS17004: Cannot use JSX unless the '--jsx' flag is provided.
components/dashboard/AuraDashboard.tsx(261,13): error TS17004: Cannot use JSX unless the '--jsx' flag is provided.
components/dashboard/AuraDashboard.tsx(262,17): error TS17004: Cannot use JSX unless the '--jsx' flag is provided.
components/dashboard/AuraDashboard.tsx(263,21): error TS17004: Cannot use JSX unless the '--jsx' flag is provided.
components/dashboard/AuraDashboard.tsx(266,21): error TS17004: Cannot use JSX unless the '--jsx' flag is provided.
components/dashboard/AuraDashboard.tsx(271,17): error TS17004: Cannot use JSX unless the '--jsx' flag is provided.
components/dashboard/AuraDashboard.tsx(272,21): error TS17004: Cannot use JSX unless the '--jsx' flag is provided.
components/dashboard/AuraDashboard.tsx(273,25): error TS17004: Cannot use JSX unless the '--jsx' flag is provided.
components/dashboard/AuraDashboard.tsx(275,21): error TS17004: Cannot use JSX unless the '--jsx' flag is provided.
components/dashboard/AuraDashboard.tsx(276,45): error TS17004: Cannot use JSX unless the '--jsx' flag is provided.
components/dashboard/AuraDashboard.tsx(276,92): error TS17004: Cannot use JSX unless the '--jsx' flag is provided.
components/dashboard/AuraDashboard.tsx(278,21): error TS17004: Cannot use JSX unless the '--jsx' flag is provided.
components/dashboard/AuraDashboard.tsx(280,25): error TS17004: Cannot use JSX unless the '--jsx' flag is provided.
components/dashboard/AuraDashboard.tsx(288,29): error TS17004: Cannot use JSX unless the '--jsx' flag is provided.
components/dashboard/AuraDashboard.tsx(289,29): error TS17004: Cannot use JSX unless the '--jsx' flag is provided.
components/dashboard/AuraDashboard.tsx(292,25): error TS17004: Cannot use JSX unless the '--jsx' flag is provided.
components/dashboard/AuraDashboard.tsx(302,13): error TS17004: Cannot use JSX unless the '--jsx' flag is provided.
components/dashboard/AuraDashboard.tsx(303,17): error TS17004: Cannot use JSX unless the '--jsx' flag is provided.
components/dashboard/AuraDashboard.tsx(304,21): error TS17004: Cannot use JSX unless the '--jsx' flag is provided.
components/dashboard/AuraDashboard.tsx(305,21): error TS17004: Cannot use JSX unless the '--jsx' flag is provided.
components/dashboard/AuraDashboard.tsx(306,25): error TS17004: Cannot use JSX unless the '--jsx' flag is provided.
components/dashboard/AuraDashboard.tsx(307,29): error TS17004: Cannot use JSX unless the '--jsx' flag is provided.
components/dashboard/AuraDashboard.tsx(308,33): error TS17004: Cannot use JSX unless the '--jsx' flag is provided.
components/dashboard/AuraDashboard.tsx(310,29): error TS17004: Cannot use JSX unless the '--jsx' flag is provided.
components/dashboard/AuraDashboard.tsx(311,46): error TS17004: Cannot use JSX unless the '--jsx' flag is provided.
components/dashboard/AuraDashboard.tsx(311,186): error TS17004: Cannot use JSX unless the '--jsx' flag is provided.
components/dashboard/AuraDashboard.tsx(311,270): error TS17004: Cannot use JSX unless the '--jsx' flag is provided.
components/dashboard/AuraDashboard.tsx(314,25): error TS17004: Cannot use JSX unless the '--jsx' flag is provided.
components/dashboard/AuraDashboard.tsx(322,13): error TS17004: Cannot use JSX unless the '--jsx' flag is provided.
components/dashboard/AuraDashboard.tsx(324,17): error TS17004: Cannot use JSX unless the '--jsx' flag is provided.
components/dashboard/AuraDashboard.tsx(325,21): error TS17004: Cannot use JSX unless the '--jsx' flag is provided.
components/dashboard/AuraDashboard.tsx(326,25): error TS17004: Cannot use JSX unless the '--jsx' flag is provided.
components/dashboard/AuraDashboard.tsx(327,29): error TS17004: Cannot use JSX unless the '--jsx' flag is provided.
components/dashboard/AuraDashboard.tsx(329,25): error TS17004: Cannot use JSX unless the '--jsx' flag is provided.
components/dashboard/AuraDashboard.tsx(330,29): error TS17004: Cannot use JSX unless the '--jsx' flag is provided.
components/dashboard/AuraDashboard.tsx(333,21): error TS17004: Cannot use JSX unless the '--jsx' flag is provided.
components/dashboard/AuraDashboard.tsx(334,21): error TS17004: Cannot use JSX unless the '--jsx' flag is provided.
components/dashboard/AuraDashboard.tsx(338,17): error TS17004: Cannot use JSX unless the '--jsx' flag is provided.
components/dashboard/AuraDashboard.tsx(339,21): error TS17004: Cannot use JSX unless the '--jsx' flag is provided.
components/dashboard/AuraDashboard.tsx(340,25): error TS17004: Cannot use JSX unless the '--jsx' flag is provided.
components/dashboard/AuraDashboard.tsx(341,29): error TS17004: Cannot use JSX unless the '--jsx' flag is provided.
components/dashboard/AuraDashboard.tsx(343,25): error TS17004: Cannot use JSX unless the '--jsx' flag is provided.
components/dashboard/AuraDashboard.tsx(344,29): error TS17004: Cannot use JSX unless the '--jsx' flag is provided.
components/dashboard/AuraDashboard.tsx(347,21): error TS17004: Cannot use JSX unless the '--jsx' flag is provided.
components/dashboard/AuraDashboard.tsx(348,21): error TS17004: Cannot use JSX unless the '--jsx' flag is provided.
components/dashboard/AuraDashboard.tsx(349,25): error TS17004: Cannot use JSX unless the '--jsx' flag is provided.
components/dashboard/AuraDashboard.tsx(354,17): error TS17004: Cannot use JSX unless the '--jsx' flag is provided.
components/dashboard/AuraDashboard.tsx(355,21): error TS17004: Cannot use JSX unless the '--jsx' flag is provided.
components/dashboard/AuraDashboard.tsx(356,25): error TS17004: Cannot use JSX unless the '--jsx' flag is provided.
components/dashboard/AuraDashboard.tsx(357,29): error TS17004: Cannot use JSX unless the '--jsx' flag is provided.
components/dashboard/AuraDashboard.tsx(359,25): error TS17004: Cannot use JSX unless the '--jsx' flag is provided.
components/dashboard/AuraDashboard.tsx(361,21): error TS17004: Cannot use JSX unless the '--jsx' flag is provided.
components/dashboard/AuraDashboard.tsx(362,21): error TS17004: Cannot use JSX unless the '--jsx' flag is provided.
components/dashboard/AuraDashboard.tsx(362,103): error TS17004: Cannot use JSX unless the '--jsx' flag is provided.
components/dashboard/AuraDashboard.tsx(366,17): error TS17004: Cannot use JSX unless the '--jsx' flag is provided.
components/dashboard/AuraDashboard.tsx(367,21): error TS17004: Cannot use JSX unless the '--jsx' flag is provided.
components/dashboard/AuraDashboard.tsx(368,25): error TS17004: Cannot use JSX unless the '--jsx' flag is provided.
components/dashboard/AuraDashboard.tsx(369,29): error TS17004: Cannot use JSX unless the '--jsx' flag is provided.
components/dashboard/AuraDashboard.tsx(371,25): error TS17004: Cannot use JSX unless the '--jsx' flag is provided.
components/dashboard/AuraDashboard.tsx(373,21): error TS17004: Cannot use JSX unless the '--jsx' flag is provided.
components/dashboard/AuraDashboard.tsx(374,21): error TS17004: Cannot use JSX unless the '--jsx' flag is provided.
components/dashboard/AuraDashboard.tsx(374,107): error TS17004: Cannot use JSX unless the '--jsx' flag is provided.
components/dashboard/AuraDashboard.tsx(379,13): error TS17004: Cannot use JSX unless the '--jsx' flag is provided.
components/dashboard/AuraDashboard.tsx(382,17): error TS17004: Cannot use JSX unless the '--jsx' flag is provided.
components/dashboard/AuraDashboard.tsx(383,21): error TS17004: Cannot use JSX unless the '--jsx' flag is provided.
components/dashboard/AuraDashboard.tsx(384,25): error TS17004: Cannot use JSX unless the '--jsx' flag is provided.
components/dashboard/AuraDashboard.tsx(385,29): error TS17004: Cannot use JSX unless the '--jsx' flag is provided.
components/dashboard/AuraDashboard.tsx(386,29): error TS17004: Cannot use JSX unless the '--jsx' flag is provided.
components/dashboard/AuraDashboard.tsx(388,25): error TS17004: Cannot use JSX unless the '--jsx' flag is provided.
components/dashboard/AuraDashboard.tsx(393,21): error TS17004: Cannot use JSX unless the '--jsx' flag is provided.
components/dashboard/AuraDashboard.tsx(394,25): error TS17004: Cannot use JSX unless the '--jsx' flag is provided.
components/dashboard/AuraDashboard.tsx(394,26): error TS2322: Type '{ width: "100%"; height: "100%"; }' is not assignable to type 'Props & RefAttributes<HTMLDivElement>'.
  Property 'children' is missing in type '{ width: "100%"; height: "100%"; }' but required in type 'Props'.
components/dashboard/AuraDashboard.tsx(395,29): error TS17004: Cannot use JSX unless the '--jsx' flag is provided.
components/dashboard/AuraDashboard.tsx(396,33): error TS17004: Cannot use JSX unless the '--jsx' flag is provided.
components/dashboard/AuraDashboard.tsx(397,37): error TS17004: Cannot use JSX unless the '--jsx' flag is provided.
components/dashboard/AuraDashboard.tsx(398,41): error TS17004: Cannot use JSX unless the '--jsx' flag is provided.
components/dashboard/AuraDashboard.tsx(399,41): error TS17004: Cannot use JSX unless the '--jsx' flag is provided.
components/dashboard/AuraDashboard.tsx(401,37): error TS17004: Cannot use JSX unless the '--jsx' flag is provided.
components/dashboard/AuraDashboard.tsx(402,41): error TS17004: Cannot use JSX unless the '--jsx' flag is provided.
components/dashboard/AuraDashboard.tsx(403,41): error TS17004: Cannot use JSX unless the '--jsx' flag is provided.
components/dashboard/AuraDashboard.tsx(406,33): error TS17004: Cannot use JSX unless the '--jsx' flag is provided.
components/dashboard/AuraDashboard.tsx(407,33): error TS17004: Cannot use JSX unless the '--jsx' flag is provided.
components/dashboard/AuraDashboard.tsx(408,33): error TS17004: Cannot use JSX unless the '--jsx' flag is provided.
components/dashboard/AuraDashboard.tsx(409,33): error TS17004: Cannot use JSX unless the '--jsx' flag is provided.
components/dashboard/AuraDashboard.tsx(413,33): error TS17004: Cannot use JSX unless the '--jsx' flag is provided.
components/dashboard/AuraDashboard.tsx(414,33): error TS17004: Cannot use JSX unless the '--jsx' flag is provided.
components/dashboard/AuraDashboard.tsx(421,17): error TS17004: Cannot use JSX unless the '--jsx' flag is provided.
components/dashboard/AuraDashboard.tsx(423,21): error TS17004: Cannot use JSX unless the '--jsx' flag is provided.
components/dashboard/AuraDashboard.tsx(424,25): error TS17004: Cannot use JSX unless the '--jsx' flag is provided.
components/dashboard/AuraDashboard.tsx(426,29): error TS17004: Cannot use JSX unless the '--jsx' flag is provided.
components/dashboard/AuraDashboard.tsx(427,33): error TS17004: Cannot use JSX unless the '--jsx' flag is provided.
components/dashboard/AuraDashboard.tsx(427,34): error TS2322: Type '{ width: "100%"; height: "100%"; }' is not assignable to type 'Props & RefAttributes<HTMLDivElement>'.
  Property 'children' is missing in type '{ width: "100%"; height: "100%"; }' but required in type 'Props'.
components/dashboard/AuraDashboard.tsx(428,37): error TS17004: Cannot use JSX unless the '--jsx' flag is provided.
components/dashboard/AuraDashboard.tsx(429,41): error TS17004: Cannot use JSX unless the '--jsx' flag is provided.
components/dashboard/AuraDashboard.tsx(438,49): error TS17004: Cannot use JSX unless the '--jsx' flag is provided.
components/dashboard/AuraDashboard.tsx(441,41): error TS17004: Cannot use JSX unless the '--jsx' flag is provided.
components/dashboard/AuraDashboard.tsx(444,33): error TS17004: Cannot use JSX unless the '--jsx' flag is provided.
components/dashboard/AuraDashboard.tsx(445,37): error TS17004: Cannot use JSX unless the '--jsx' flag is provided.
components/dashboard/AuraDashboard.tsx(446,37): error TS17004: Cannot use JSX unless the '--jsx' flag is provided.
components/dashboard/AuraDashboard.tsx(450,29): error TS17004: Cannot use JSX unless the '--jsx' flag is provided.
components/dashboard/AuraDashboard.tsx(454,25): error TS17004: Cannot use JSX unless the '--jsx' flag is provided.
components/dashboard/AuraDashboard.tsx(456,33): error TS17004: Cannot use JSX unless the '--jsx' flag is provided.
components/dashboard/AuraDashboard.tsx(457,37): error TS17004: Cannot use JSX unless the '--jsx' flag is provided.
components/dashboard/AuraDashboard.tsx(458,41): error TS17004: Cannot use JSX unless the '--jsx' flag is provided.
components/dashboard/AuraDashboard.tsx(459,41): error TS17004: Cannot use JSX unless the '--jsx' flag is provided.
components/dashboard/AuraDashboard.tsx(461,37): error TS17004: Cannot use JSX unless the '--jsx' flag is provided.
components/dashboard/AuraDashboard.tsx(468,21): error TS17004: Cannot use JSX unless the '--jsx' flag is provided.
components/dashboard/AuraDashboard.tsx(469,25): error TS17004: Cannot use JSX unless the '--jsx' flag is provided.
components/dashboard/AuraDashboard.tsx(470,29): error TS17004: Cannot use JSX unless the '--jsx' flag is provided.
components/dashboard/AuraDashboard.tsx(471,29): error TS17004: Cannot use JSX unless the '--jsx' flag is provided.
components/dashboard/AuraDashboard.tsx(475,25): error TS17004: Cannot use JSX unless the '--jsx' flag is provided.
components/dashboard/AuraDashboard.tsx(477,33): error TS17004: Cannot use JSX unless the '--jsx' flag is provided.
components/dashboard/AuraDashboard.tsx(478,37): error TS17004: Cannot use JSX unless the '--jsx' flag is provided.
components/dashboard/AuraDashboard.tsx(479,41): error TS17004: Cannot use JSX unless the '--jsx' flag is provided.
components/dashboard/AuraDashboard.tsx(481,45): error TS17004: Cannot use JSX unless the '--jsx' flag is provided.
components/dashboard/AuraDashboard.tsx(483,41): error TS17004: Cannot use JSX unless the '--jsx' flag is provided.
components/dashboard/AuraDashboard.tsx(484,45): error TS17004: Cannot use JSX unless the '--jsx' flag is provided.
components/dashboard/AuraDashboard.tsx(485,45): error TS17004: Cannot use JSX unless the '--jsx' flag is provided.
components/dashboard/AuraDashboard.tsx(488,37): error TS17004: Cannot use JSX unless the '--jsx' flag is provided.
components/dashboard/AuraDashboard.tsx(494,33): error TS17004: Cannot use JSX unless the '--jsx' flag is provided.
components/dashboard/AuraDashboard.tsx(503,13): error TS17004: Cannot use JSX unless the '--jsx' flag is provided.
components/dashboard/AuraDashboard.tsx(504,17): error TS17004: Cannot use JSX unless the '--jsx' flag is provided.
components/dashboard/AuraDashboard.tsx(505,21): error TS17004: Cannot use JSX unless the '--jsx' flag is provided.
components/dashboard/AuraDashboard.tsx(508,21): error TS17004: Cannot use JSX unless the '--jsx' flag is provided.
components/dashboard/AuraDashboard.tsx(532,33): error TS17004: Cannot use JSX unless the '--jsx' flag is provided.
components/dashboard/AuraDashboard.tsx(534,41): error TS17004: Cannot use JSX unless the '--jsx' flag is provided.
components/dashboard/AuraDashboard.tsx(536,41): error TS17004: Cannot use JSX unless the '--jsx' flag is provided.
components/dashboard/AuraDashboard.tsx(545,66): error TS17004: Cannot use JSX unless the '--jsx' flag is provided.
components/dashboard/AuraDashboard.tsx(558,21): error TS17004: Cannot use JSX unless the '--jsx' flag is provided.
components/dashboard/AuraDashboard.tsx(559,25): error TS17004: Cannot use JSX unless the '--jsx' flag is provided.
components/dashboard/AuraDashboard.tsx(560,25): error TS17004: Cannot use JSX unless the '--jsx' flag is provided.
components/dashboard/AuraDashboard.tsx(565,13): error TS17004: Cannot use JSX unless the '--jsx' flag is provided.
services/supabaseClient.ts(6,21): error TS1343: The 'import.meta' meta-property is only allowed when the '--module' option is 'es2020', 'es2022', 'esnext', 'system', 'node16', 'node18', 'node20', or 'nodenext'.
services/supabaseClient.ts(6,33): error TS2339: Property 'env' does not exist on type 'ImportMeta'.
services/supabaseClient.ts(7,21): error TS1343: The 'import.meta' meta-property is only allowed when the '--module' option is 'es2020', 'es2022', 'esnext', 'system', 'node16', 'node18', 'node20', or 'nodenext'.
services/supabaseClient.ts(7,33): error TS2339: Property 'env' does not exist on type 'ImportMeta'.
